  GET|HEAD       fire/create .................................................................... fire.create
  GET|HEAD       fire/{fire} ...................................................................... fire.show
  PUT|PATCH      fire/{fire} .................................................................... fire.update
  DELETE         fire/{fire} ................................................................... fire.destroy
  GET|HEAD       fire/{fire}/edit ................................................................. fire.edit
