  GET|HEAD       / .......................................................................................... 
  GET|HEAD       admin ...................................................................................... 
  GET|HEAD       flash .......................................................................... flash.index
  POST           flash .......................................................................... flash.store
  GET|HEAD       flash/create .................................................................. flash.create
  GET|HEAD       flash/{flash} ................................................................... flash.show
  PUT|PATCH      flash/{flash} ................................................................. flash.update
  DELETE         flash/{flash} ................................................................ flash.destroy
  GET|HEAD       flash/{flash}/edit .............................................................. flash.edit
  POST           some/thing/{one?}/{two}/some/{three?} ...................................................... 
  GET|HEAD       user ............................................................................ user.index
  POST           user ............................................................................ user.store
  GET|HEAD       user/create .................................................................... user.create
  GET|HEAD       user/{user} ...................................................................... user.show
  PUT|PATCH      user/{user} .................................................................... user.update
  DELETE         user/{user} ................................................................... user.destroy
  GET|HEAD       user/{user}/admin ......................................................... user.admin.index
  POST           user/{user}/admin ......................................................... user.admin.store
  GET|HEAD       user/{user}/admin/create ................................................. user.admin.create
  GET|HEAD       user/{user}/admin/{admin} .................................................. user.admin.show
  PUT|PATCH      user/{user}/admin/{admin} ................................................ user.admin.update
  DELETE         user/{user}/admin/{admin} ............................................... user.admin.destroy
  GET|HEAD       user/{user}/admin/{admin}/edit ............................................. user.admin.edit
  GET|HEAD       user/{user}/edit ................................................................. user.edit
  GET|HEAD       water .......................................................................... water.index
  POST           water .......................................................................... water.store
  GET|HEAD       water/create .................................................................. water.create
  GET|HEAD       water/{water} ................................................................... water.show
  PUT|PATCH      water/{water} ................................................................. water.update
  DELETE         water/{water} ................................................................ water.destroy
  GET|HEAD       water/{water}/edit .............................................................. water.edit
  GET|HEAD       {one?}/{two}/some/{three?} ...................................................... long.index
