  GET|HEAD       test ............................................................................ test.index
  GET|HEAD       test/create .................................................................... test.create
  GET|HEAD       test/{test} ...................................................................... test.show
  PUT|PATCH      test/{test} .................................................................... test.update
  DELETE         test/{test} ................................................................... test.destroy
  GET|HEAD       test/{test}/edit ................................................................. test.edit
