  GET|HEAD       fire ............................................................................ fire.index
  POST           fire ............................................................................ fire.store
  GET|HEAD       fire/create .................................................................... fire.create
  GET|HEAD       fire/{fire} ...................................................................... fire.show
  PUT|PATCH      fire/{fire} .................................................................... fire.update
  DELETE         fire/{fire} ................................................................... fire.destroy
  GET|HEAD       fire/{fire}/edit ................................................................. fire.edit
  GET|HEAD       water .......................................................................... water.index
  POST           water .......................................................................... water.store
  GET|HEAD       water/create .................................................................. water.create
  GET|HEAD       water/{water} ................................................................... water.show
  PUT|PATCH      water/{water} ................................................................. water.update
  DELETE         water/{water} ................................................................ water.destroy
  GET|HEAD       water/{water}/edit .............................................................. water.edit
